ARM Linker, 4.1 [Build 894] [Evaluation]

==============================================================================

Section Cross References

    blinky.o(.text) refers to malloc.o(i.malloc) for malloc
    blinky.o(.text) refers to rt_mailbox.o(i.os_mbx_send) for os_mbx_send
    blinky.o(.text) refers to rt_mailbox.o(i.os_mbx_wait) for os_mbx_wait
    blinky.o(.text) refers to malloc.o(i.free) for free
    blinky.o(.text) refers to uidiv.o(.text) for __aeabi_uidivmod
    blinky.o(.text) refers to blinky.o(i.__ARM_common_switch8) for __ARM_common_switch8
    blinky.o(.text) refers to rt_time.o(i.os_itv_set) for os_itv_set
    blinky.o(.text) refers to rt_time.o(i.os_itv_wait) for os_itv_wait
    blinky.o(.text) refers to rt_mutex.o(i.os_mut_wait) for os_mut_wait
    blinky.o(.text) refers to lcd.o(.text) for LCD_put_brightness
    blinky.o(.text) refers to rt_mutex.o(i.os_mut_release) for os_mut_release
    blinky.o(.text) refers to rt_mutex.o(i.os_mut_init) for os_mut_init
    blinky.o(.text) refers to rt_mailbox.o(i.os_mbx_init) for os_mbx_init
    blinky.o(.text) refers to rt_task.o(i.os_tsk_create0) for os_tsk_create0
    blinky.o(.text) refers to rt_task.o(i.os_tsk_delete) for os_tsk_delete
    blinky.o(.text) refers to hal_arm.o(.emb_text) for os_sys_init0
    blinky.o(.text) refers to blinky.o(.data) for .data
    blinky.o(.text) refers to irq.o(.data) for AD_in_progress
    blinky.o(.text) refers to blinky.o(.bss) for .bss
    blinky.o(.text) refers to irq.o(.text) for ADC_IRQ_Handler
    lcd.o(.text) refers to uidiv.o(.text) for __aeabi_uidivmod
    lcd.o(.text) refers to lcd.o(.data) for .data
    lcd.o(.text) refers to lcd.o(.constdata) for .constdata
    irq.o(.text) refers to blinky.o(.text) for PutInMailBox
    irq.o(.text) refers to irq.o(.data) for .data
    rtx_config.o(.text) refers to rtx_config.o(.text) for os_def_interrupt
    rtx_config.o(.text) refers to hal_arm.o(.emb_text) for os_clock_interrupt
    str91x.o(Reset) refers to hal_arm.o(.emb_text) for SWI_Handler
    str91x.o(Reset) refers to str91x.o(STACK) for Stack_Top
    str91x.o(Reset) refers to entry.o(.ARM.Collect$$$$00000000) for __main
    rt_task.o(i.os_block) refers to rt_list.o(i.os_put_dly) for os_put_dly
    rt_task.o(i.os_block) refers to rt_list.o(i.os_get_first) for os_get_first
    rt_task.o(i.os_block) refers to rt_task.o(.data) for .data
    rt_task.o(i.os_block) refers to rt_list.o(.bss) for os_rdy
    rt_task.o(i.os_dispatch) refers to rt_list.o(i.os_put_rdy_first) for os_put_rdy_first
    rt_task.o(i.os_dispatch) refers to rt_list.o(i.os_get_first) for os_get_first
    rt_task.o(i.os_dispatch) refers to rt_list.o(i.os_put_prio) for os_put_prio
    rt_task.o(i.os_dispatch) refers to rt_task.o(.data) for .data
    rt_task.o(i.os_dispatch) refers to rt_list.o(.bss) for os_rdy
    rt_task.o(i.os_init_context) refers to hal_arm.o(i.os_init_stack) for os_init_stack
    rt_task.o(i.os_init_context) refers to rtx_config.o(.bss) for mp_stk
    rt_task.o(i.os_sys_init1) refers to rt_membox.o(i._init_box) for _init_box
    rt_task.o(i.os_sys_init1) refers to rt_task.o(i.os_init_context) for os_init_context
    rt_task.o(i.os_sys_init1) refers to hal_arm.o(.emb_text) for os_set_env
    rt_task.o(i.os_sys_init1) refers to rtx_config.o(.text) for os_tmr_init
    rt_task.o(i.os_sys_init1) refers to rt_robin.o(i.os_init_robin) for os_init_robin
    rt_task.o(i.os_sys_init1) refers to rtx_config.o(.bss) for os_active_TCB
    rt_task.o(i.os_sys_init1) refers to rtx_config.o(.constdata) for os_maxtaskrun
    rt_task.o(i.os_sys_init1) refers to rtx_config.o(.constdata) for mp_tcb_size
    rt_task.o(i.os_sys_init1) refers to rtx_config.o(.bss) for mp_tcb
    rt_task.o(i.os_sys_init1) refers to rtx_config.o(.constdata) for os_stackinfo
    rt_task.o(i.os_sys_init1) refers to rtx_config.o(.constdata) for mp_stk_size
    rt_task.o(i.os_sys_init1) refers to rtx_config.o(.bss) for mp_stk
    rt_task.o(i.os_sys_init1) refers to rtx_config.o(.constdata) for mp_tmr_size
    rt_task.o(i.os_sys_init1) refers to rtx_config.o(.data) for m_tmr
    rt_task.o(i.os_sys_init1) refers to rt_task.o(.bss) for .bss
    rt_task.o(i.os_sys_init1) refers to rt_list.o(.bss) for os_rdy
    rt_task.o(i.os_sys_init1) refers to rt_task.o(.data) for .data
    rt_task.o(i.os_sys_init1) refers to rtx_config.o(.bss) for os_fifo
    rt_task.o(i.os_sys_init1) refers to rtx_config.o(.constdata) for os_fifo_size
    rt_task.o(i.os_sys_init1) refers to rt_task.o(i.os_tsk_create0) for os_tsk_create0
    rt_task.o(i.os_tsk_create0) refers to rt_task.o(i.os_init_context) for os_init_context
    rt_task.o(i.os_tsk_create0) refers to rtx_config.o(.text) for tsk_unlock
    rt_task.o(i.os_tsk_create0) refers to rt_task.o(i.os_dispatch) for os_dispatch
    rt_task.o(i.os_tsk_create0) refers to rtx_config.o(.bss) for mp_tcb
    rt_task.o(i.os_tsk_create0) refers to rtx_config.o(.bss) for os_active_TCB
    rt_task.o(i.os_tsk_create0) refers to rtx_config.o(.constdata) for os_maxtaskrun
    rt_task.o(i.os_tsk_create_ex0) refers to rt_task.o(i.os_tsk_create0) for os_tsk_create0
    rt_task.o(i.os_tsk_delete) refers to rt_task.o(i.os_dispatch) for os_dispatch
    rt_task.o(i.os_tsk_delete) refers to rt_list.o(i.os_rmv_list) for os_rmv_list
    rt_task.o(i.os_tsk_delete) refers to rt_list.o(i.os_rmv_dly) for os_rmv_dly
    rt_task.o(i.os_tsk_delete) refers to rtx_config.o(.text) for tsk_unlock
    rt_task.o(i.os_tsk_delete) refers to rt_task.o(.data) for .data
    rt_task.o(i.os_tsk_delete) refers to rtx_config.o(.bss) for os_active_TCB
    rt_task.o(i.os_tsk_delete) refers to rtx_config.o(.bss) for mp_stk
    rt_task.o(i.os_tsk_delete) refers to rtx_config.o(.bss) for mp_tcb
    rt_task.o(i.os_tsk_delete) refers to rtx_config.o(.constdata) for os_maxtaskrun
    rt_task.o(i.os_tsk_pass) refers to rt_list.o(i.os_get_same_rdy_prio) for os_get_same_rdy_prio
    rt_task.o(i.os_tsk_pass) refers to rt_list.o(i.os_put_prio) for os_put_prio
    rt_task.o(i.os_tsk_pass) refers to rtx_config.o(.text) for tsk_unlock
    rt_task.o(i.os_tsk_pass) refers to rt_task.o(.data) for .data
    rt_task.o(i.os_tsk_pass) refers to rt_list.o(.bss) for os_rdy
    rt_task.o(i.os_tsk_prio) refers to rt_list.o(i.os_put_prio) for os_put_prio
    rt_task.o(i.os_tsk_prio) refers to rtx_config.o(.text) for tsk_unlock
    rt_task.o(i.os_tsk_prio) refers to rt_list.o(i.os_resort_prio) for os_resort_prio
    rt_task.o(i.os_tsk_prio) refers to rt_list.o(i.os_get_first) for os_get_first
    rt_task.o(i.os_tsk_prio) refers to rt_task.o(i.os_dispatch) for os_dispatch
    rt_task.o(i.os_tsk_prio) refers to rt_task.o(.data) for .data
    rt_task.o(i.os_tsk_prio) refers to rtx_config.o(.constdata) for os_maxtaskrun
    rt_task.o(i.os_tsk_prio) refers to rtx_config.o(.bss) for os_active_TCB
    rt_task.o(i.os_tsk_prio) refers to rt_list.o(.bss) for os_rdy
    rt_task.o(i.os_tsk_self) refers to rt_task.o(.data) for .data
    rt_time.o(i.os_dly_wait) refers to rt_task.o(i.os_block) for os_block
    rt_time.o(i.os_dly_wait) refers to rtx_config.o(.text) for tsk_unlock
    rt_time.o(i.os_itv_set) refers to rt_task.o(.data) for os_runtask
    rt_time.o(i.os_itv_set) refers to rt_time.o(.data) for .data
    rt_time.o(i.os_itv_wait) refers to rt_task.o(i.os_block) for os_block
    rt_time.o(i.os_itv_wait) refers to rtx_config.o(.text) for tsk_unlock
    rt_time.o(i.os_itv_wait) refers to rt_task.o(.data) for os_runtask
    rt_time.o(i.os_itv_wait) refers to rt_time.o(.data) for .data
    rt_mailbox.o(i.isr_mbx_receive) refers to rt_list.o(i.os_psq_enq) for os_psq_enq
    rt_mailbox.o(i.isr_mbx_receive) refers to rt_system.o(i.os_psh_req) for os_psh_req
    rt_mailbox.o(i.isr_mbx_send) refers to rt_list.o(i.os_psq_enq) for os_psq_enq
    rt_mailbox.o(i.isr_mbx_send) refers to rt_system.o(i.os_psh_req) for os_psh_req
    rt_mailbox.o(i.os_mbx_init) refers to rtx_config.o(.text) for tsk_unlock
    rt_mailbox.o(i.os_mbx_psh) refers to rt_list.o(i.os_get_first) for os_get_first
    rt_mailbox.o(i.os_mbx_psh) refers to rt_list.o(i.os_rmv_dly) for os_rmv_dly
    rt_mailbox.o(i.os_mbx_psh) refers to rt_list.o(i.os_put_prio) for os_put_prio
    rt_mailbox.o(i.os_mbx_psh) refers to rtx_config.o(.text) for os_error
    rt_mailbox.o(i.os_mbx_psh) refers to rt_list.o(.bss) for os_rdy
    rt_mailbox.o(i.os_mbx_send) refers to rt_list.o(i.os_put_prio) for os_put_prio
    rt_mailbox.o(i.os_mbx_send) refers to rt_list.o(i.os_get_first) for os_get_first
    rt_mailbox.o(i.os_mbx_send) refers to rt_list.o(i.os_rmv_dly) for os_rmv_dly
    rt_mailbox.o(i.os_mbx_send) refers to rt_task.o(i.os_dispatch) for os_dispatch
    rt_mailbox.o(i.os_mbx_send) refers to rt_task.o(i.os_block) for os_block
    rt_mailbox.o(i.os_mbx_send) refers to rtx_config.o(.text) for tsk_unlock
    rt_mailbox.o(i.os_mbx_send) refers to rt_task.o(.data) for os_runtask
    rt_mailbox.o(i.os_mbx_wait) refers to rt_list.o(i.os_get_first) for os_get_first
    rt_mailbox.o(i.os_mbx_wait) refers to rt_list.o(i.os_rmv_dly) for os_rmv_dly
    rt_mailbox.o(i.os_mbx_wait) refers to rt_task.o(i.os_dispatch) for os_dispatch
    rt_mailbox.o(i.os_mbx_wait) refers to rtx_config.o(.text) for tsk_unlock
    rt_mailbox.o(i.os_mbx_wait) refers to rt_list.o(i.os_put_prio) for os_put_prio
    rt_mailbox.o(i.os_mbx_wait) refers to rt_task.o(i.os_block) for os_block
    rt_mailbox.o(i.os_mbx_wait) refers to rt_task.o(.data) for os_runtask
    rt_mutex.o(i.os_mut_init) refers to rtx_config.o(.text) for tsk_unlock
    rt_mutex.o(i.os_mut_init) refers to rt_task.o(.data) for os_runtask
    rt_mutex.o(i.os_mut_release) refers to rtx_config.o(.text) for tsk_unlock
    rt_mutex.o(i.os_mut_release) refers to rt_list.o(i.os_get_first) for os_get_first
    rt_mutex.o(i.os_mut_release) refers to rt_list.o(i.os_rmv_dly) for os_rmv_dly
    rt_mutex.o(i.os_mut_release) refers to rt_list.o(i.os_put_prio) for os_put_prio
    rt_mutex.o(i.os_mut_release) refers to rt_task.o(i.os_dispatch) for os_dispatch
    rt_mutex.o(i.os_mut_release) refers to rt_task.o(.data) for os_runtask
    rt_mutex.o(i.os_mut_release) refers to rt_list.o(.bss) for os_rdy
    rt_mutex.o(i.os_mut_wait) refers to rtx_config.o(.text) for tsk_unlock
    rt_mutex.o(i.os_mut_wait) refers to rt_list.o(i.os_resort_prio) for os_resort_prio
    rt_mutex.o(i.os_mut_wait) refers to rt_list.o(i.os_put_prio) for os_put_prio
    rt_mutex.o(i.os_mut_wait) refers to rt_task.o(i.os_block) for os_block
    rt_mutex.o(i.os_mut_wait) refers to rt_task.o(.data) for os_runtask
    hal_arm.o(.emb_text) refers to hal_arm.o(.data) for sys_stktop
    hal_arm.o(.emb_text) refers to rt_task.o(i.os_sys_init1) for os_sys_init1
    hal_arm.o(.emb_text) refers to rtx_config.o(.text) for os_irq_ack_lock
    hal_arm.o(.emb_text) refers to rt_system.o(.data) for os_psh
    hal_arm.o(.emb_text) refers to rt_system.o(i.os_sys_manager) for os_sys_manager
    hal_arm.o(.emb_text) refers to SWI_Table.o(SWI_TABLE) for SWI_Table
    hal_arm.o(i.__SWI_0) refers to hal_arm.o(i.os_stk_check) for os_stk_check
    hal_arm.o(i.__SWI_0) refers to rtx_config.o(.text) for tsk_unlock
    hal_arm.o(i.__SWI_0) refers to hal_arm.o(.emb_text) for os_switch_tasks_ret
    hal_arm.o(i.__SWI_0) refers to rt_task.o(.data) for os_runtask
    hal_arm.o(i.os_init_stack) refers to rtx_config.o(.constdata) for os_stackinfo
    hal_arm.o(i.os_stk_check) refers to rtx_config.o(.text) for os_error
    hal_arm.o(i.os_stk_check) refers to rt_task.o(.data) for os_runtask
    rt_system.o(i.os_psh_req) refers to rtx_config.o(.text) for os_tmr_inspect_ovf
    rt_system.o(i.os_psh_req) refers to rt_system.o(.data) for .data
    rt_system.o(i.os_sys_manager) refers to rt_list.o(i.os_put_rdy_first) for os_put_rdy_first
    rt_system.o(i.os_sys_manager) refers to rtx_config.o(.text) for os_tmr_inspect_cnt
    rt_system.o(i.os_sys_manager) refers to rt_robin.o(i.os_chk_robin) for os_chk_robin
    rt_system.o(i.os_sys_manager) refers to rt_list.o(i.os_dec_dly) for os_dec_dly
    rt_system.o(i.os_sys_manager) refers to rt_semaphore.o(i.os_sem_psh) for os_sem_psh
    rt_system.o(i.os_sys_manager) refers to hal_arm.o(.emb_text) for _dec_qc
    rt_system.o(i.os_sys_manager) refers to rt_event.o(i.os_evt_psh) for os_evt_psh
    rt_system.o(i.os_sys_manager) refers to rt_mailbox.o(i.os_mbx_psh) for os_mbx_psh
    rt_system.o(i.os_sys_manager) refers to rt_timer.o(i.os_tmr_tick) for os_tmr_tick
    rt_system.o(i.os_sys_manager) refers to hal_arm.o(i.os_stk_check) for os_stk_check
    rt_system.o(i.os_sys_manager) refers to rt_list.o(i.os_get_first) for os_get_first
    rt_system.o(i.os_sys_manager) refers to rt_task.o(.data) for os_runtask
    rt_system.o(i.os_sys_manager) refers to rt_system.o(.data) for .data
    rt_system.o(i.os_sys_manager) refers to rt_time.o(.data) for os_time
    rt_system.o(i.os_sys_manager) refers to rtx_config.o(.bss) for os_fifo
    rt_system.o(i.os_sys_manager) refers to rt_list.o(.bss) for os_rdy
    rt_list.o(i.os_dec_dly) refers to rt_list.o(i.os_put_prio) for os_put_prio
    rt_list.o(i.os_dec_dly) refers to rt_list.o(.bss) for .bss
    rt_list.o(i.os_dec_dly) refers to rt_time.o(.data) for os_time
    rt_list.o(i.os_get_same_rdy_prio) refers to rt_list.o(.bss) for .bss
    rt_list.o(i.os_get_same_rdy_prio) refers to rt_task.o(.data) for os_runtask
    rt_list.o(i.os_psq_enq) refers to hal_arm.o(.emb_text) for _inc_qi
    rt_list.o(i.os_psq_enq) refers to rtx_config.o(.text) for os_error
    rt_list.o(i.os_psq_enq) refers to rtx_config.o(.bss) for os_fifo
    rt_list.o(i.os_put_dly) refers to rt_list.o(.bss) for .bss
    rt_list.o(i.os_put_rdy_first) refers to rt_list.o(.bss) for .bss
    rt_list.o(i.os_resort_prio) refers to rt_list.o(i.os_rmv_list) for os_rmv_list
    rt_list.o(i.os_resort_prio) refers to rt_list.o(i.os_put_prio) for os_put_prio
    rt_list.o(i.os_resort_prio) refers to rt_list.o(.bss) for .bss
    rt_list.o(i.os_rmv_list) refers to rt_list.o(.bss) for .bss
    rt_robin.o(i.os_chk_robin) refers to rt_list.o(i.os_get_first) for os_get_first
    rt_robin.o(i.os_chk_robin) refers to rt_list.o(i.os_put_prio) for os_put_prio
    rt_robin.o(i.os_chk_robin) refers to rt_robin.o(.data) for .data
    rt_robin.o(i.os_chk_robin) refers to rt_list.o(.bss) for os_rdy
    rt_robin.o(i.os_chk_robin) refers to rt_time.o(.data) for os_time
    rt_robin.o(i.os_init_robin) refers to rt_robin.o(.data) for .data
    rt_robin.o(i.os_init_robin) refers to rtx_config.o(.constdata) for os_rrobin
    SWI_Table.o(SWI_TABLE) refers to hal_arm.o(i.__SWI_0) for __SWI_0
    SWI_Table.o(SWI_TABLE) refers to rt_membox.o(i.__SWI_1) for __SWI_1
    SWI_Table.o(SWI_TABLE) refers to rt_membox.o(i.__SWI_2) for __SWI_2
    SWI_Table.o(SWI_TABLE) refers to hal_arm.o(i.__SWI_3) for __SWI_3
    SWI_Table.o(SWI_TABLE) refers to hal_arm.o(i.__SWI_4) for __SWI_4
    SWI_Table.o(SWI_TABLE) refers to rtx_config.o(.text) for __SWI_5
    SWI_Table.o(SWI_TABLE) refers to hal_arm.o(i.__SWI_6) for __SWI_6
    SWI_Table.o(SWI_TABLE) refers to hal_arm.o(i.__SWI_7) for __SWI_7
    rt_event.o(i.isr_evt_set) refers to rt_list.o(i.os_psq_enq) for os_psq_enq
    rt_event.o(i.isr_evt_set) refers to rt_system.o(i.os_psh_req) for os_psh_req
    rt_event.o(i.isr_evt_set) refers to rtx_config.o(.bss) for os_active_TCB
    rt_event.o(i.os_evt_clr) refers to rtx_config.o(.text) for tsk_unlock
    rt_event.o(i.os_evt_clr) refers to rtx_config.o(.bss) for os_active_TCB
    rt_event.o(i.os_evt_get) refers to rt_task.o(.data) for os_runtask
    rt_event.o(i.os_evt_psh) refers to rt_list.o(i.os_rmv_dly) for os_rmv_dly
    rt_event.o(i.os_evt_psh) refers to rt_list.o(i.os_put_prio) for os_put_prio
    rt_event.o(i.os_evt_psh) refers to rt_list.o(.bss) for os_rdy
    rt_event.o(i.os_evt_set) refers to rt_list.o(i.os_rmv_dly) for os_rmv_dly
    rt_event.o(i.os_evt_set) refers to rt_task.o(i.os_dispatch) for os_dispatch
    rt_event.o(i.os_evt_set) refers to rtx_config.o(.text) for tsk_unlock
    rt_event.o(i.os_evt_set) refers to rtx_config.o(.bss) for os_active_TCB
    rt_event.o(i.os_evt_wait) refers to rt_task.o(i.os_block) for os_block
    rt_event.o(i.os_evt_wait) refers to rtx_config.o(.text) for tsk_unlock
    rt_event.o(i.os_evt_wait) refers to rt_task.o(.data) for os_runtask
    rt_semaphore.o(i.isr_sem_send) refers to rt_list.o(i.os_psq_enq) for os_psq_enq
    rt_semaphore.o(i.isr_sem_send) refers to rt_system.o(i.os_psh_req) for os_psh_req
    rt_semaphore.o(i.os_sem_init) refers to rtx_config.o(.text) for tsk_unlock
    rt_semaphore.o(i.os_sem_psh) refers to rt_list.o(i.os_get_first) for os_get_first
    rt_semaphore.o(i.os_sem_psh) refers to rt_list.o(i.os_rmv_dly) for os_rmv_dly
    rt_semaphore.o(i.os_sem_psh) refers to rt_list.o(i.os_put_prio) for os_put_prio
    rt_semaphore.o(i.os_sem_psh) refers to rt_list.o(.bss) for os_rdy
    rt_semaphore.o(i.os_sem_send) refers to rt_list.o(i.os_get_first) for os_get_first
    rt_semaphore.o(i.os_sem_send) refers to rt_list.o(i.os_rmv_dly) for os_rmv_dly
    rt_semaphore.o(i.os_sem_send) refers to rt_task.o(i.os_dispatch) for os_dispatch
    rt_semaphore.o(i.os_sem_send) refers to rtx_config.o(.text) for tsk_unlock
    rt_semaphore.o(i.os_sem_wait) refers to rtx_config.o(.text) for tsk_unlock
    rt_semaphore.o(i.os_sem_wait) refers to rt_list.o(i.os_put_prio) for os_put_prio
    rt_semaphore.o(i.os_sem_wait) refers to rt_task.o(i.os_block) for os_block
    rt_semaphore.o(i.os_sem_wait) refers to rt_task.o(.data) for os_runtask
    rt_timer.o(i.os_tmr_create) refers to rtx_config.o(.text) for tsk_unlock
    rt_timer.o(i.os_tmr_create) refers to rtx_config.o(.data) for m_tmr
    rt_timer.o(i.os_tmr_create) refers to rt_timer.o(.data) for .data
    rt_timer.o(i.os_tmr_kill) refers to rtx_config.o(.text) for tsk_unlock
    rt_timer.o(i.os_tmr_kill) refers to rt_timer.o(.data) for .data
    rt_timer.o(i.os_tmr_kill) refers to rtx_config.o(.data) for m_tmr
    rt_timer.o(i.os_tmr_tick) refers to rtx_config.o(.text) for os_tmr_call
    rt_timer.o(i.os_tmr_tick) refers to rt_timer.o(.data) for .data
    rt_timer.o(i.os_tmr_tick) refers to rtx_config.o(.data) for m_tmr
    entry.o(.ARM.Collect$$$$00000000) refers (Special) to entry7b.o(.ARM.Collect$$$$00000008) for _main_clock
    entry.o(.ARM.Collect$$$$00000000) refers (Special) to entry8.o(.ARM.Collect$$$$00000009) for _main_init
    entry.o(.ARM.Collect$$$$00000000) refers (Special) to entry5.o(.ARM.Collect$$$$00000004) for _main_scatterload
    entry.o(.ARM.Collect$$$$00000000) refers (Special) to entry2.o(.ARM.Collect$$$$00000001) for _main_stk
    malloc.o(i.free) refers to mvars.o(.data) for __microlib_freelist
    malloc.o(i.malloc) refers to mvars.o(.data) for __microlib_freelist_initialised
    malloc.o(i.malloc) refers to mvars.o(.data) for __microlib_freelist
    malloc.o(i.malloc) refers to str91x.o(HEAP) for __heap_base
    mallocr.o(i.__free$realloc) refers to mvars.o(.data) for __microlib_freelist
    mallocr.o(i.__malloc$realloc) refers to mallocr.o(i.internal_alloc) for internal_alloc
    mallocr.o(i.__malloc$realloc) refers to str91x.o(HEAP) for __heap_base
    mallocr.o(i.__malloc$realloc) refers to mvars.o(.data) for __microlib_freelist
    mallocr.o(i.__malloc$realloc) refers to mvars.o(.data) for __microlib_freelist_initialised
    mallocr.o(i.internal_alloc) refers to memcpya.o(.text) for __aeabi_memcpy
    mallocr.o(i.internal_alloc) refers to mvars.o(.data) for __microlib_freelist
    mallocr.o(i.realloc) refers to mallocr.o(i.__free$realloc) for __free$realloc
    mallocr.o(i.realloc) refers to mallocr.o(i.internal_alloc) for internal_alloc
    mallocr.o(i.realloc) refers to mallocr.o(i.__malloc$realloc) for __malloc$realloc
    mallocr.o(i.realloc) refers to mvars.o(.data) for __microlib_freelist
    malloca.o(i.__aligned_malloc) refers to mvars.o(.data) for __microlib_freelist
    malloca.o(i.__aligned_malloc) refers to mvars.o(.data) for __microlib_freelist_initialised
    malloca.o(i.__aligned_malloc) refers to str91x.o(HEAP) for __heap_base
    malloca.o(i.__free$memalign) refers to mvars.o(.data) for __microlib_freelist
    malloca.o(i.__malloc$memalign) refers to malloca.o(i.__aligned_malloc) for __aligned_malloc
    mallocra.o(i.__aligned_malloc$realloc) refers to mallocra.o(i.internal_alloc) for internal_alloc
    mallocra.o(i.__aligned_malloc$realloc) refers to mvars.o(.data) for __microlib_freelist_initialised
    mallocra.o(i.__aligned_malloc$realloc) refers to str91x.o(HEAP) for __heap_base
    mallocra.o(i.__aligned_malloc$realloc) refers to mvars.o(.data) for __microlib_freelist
    mallocra.o(i.__free$realloc$memalign) refers to mvars.o(.data) for __microlib_freelist
    mallocra.o(i.__malloc$realloc$memalign) refers to mallocra.o(i.__aligned_malloc$realloc) for __aligned_malloc$realloc
    mallocra.o(i.__realloc$memalign) refers to mallocra.o(i.__free$realloc$memalign) for __free$realloc$memalign
    mallocra.o(i.__realloc$memalign) refers to mallocra.o(i.internal_alloc) for internal_alloc
    mallocra.o(i.__realloc$memalign) refers to mallocra.o(i.__malloc$realloc$memalign) for __malloc$realloc$memalign
    mallocra.o(i.__realloc$memalign) refers to mvars.o(.data) for __microlib_freelist
    mallocra.o(i.internal_alloc) refers to memcpya.o(.text) for __aeabi_memcpy
    mallocra.o(i.internal_alloc) refers to mvars.o(.data) for __microlib_freelist
    entry2.o(.ARM.Collect$$$$00000001) refers to entry2.o(.ARM.Collect$$$$00002712) for __lit__00000000
    entry2.o(.ARM.Collect$$$$00002712) refers to str91x.o(STACK) for __initial_sp
    entry5.o(.ARM.Collect$$$$00000004) refers to init.o(.text) for __scatterload
    entry8.o(.ARM.Collect$$$$00000009) refers to blinky.o(.text) for main
    init.o(.text) refers to entry5.o(.ARM.Collect$$$$00000004) for __main_after_scatterload


==============================================================================

Removing Unused input sections from the image.

    Removing blinky.o(.constdata), (4 bytes).
    Removing blinky.o(.constdata), (4 bytes).
    Removing blinky.o(.constdata), (2 bytes).
    Removing blinky.o(.constdata), (2 bytes).
    Removing blinky.o(.constdata), (2 bytes).
    Removing blinky.o(.constdata), (2 bytes).
    Removing rt_task.o(i.os_tsk_create_ex0), (12 bytes).
    Removing rt_task.o(i.os_tsk_pass), (52 bytes).
    Removing rt_task.o(i.os_tsk_prio), (136 bytes).
    Removing rt_task.o(i.os_tsk_self), (16 bytes).
    Removing rt_time.o(i.os_dly_wait), (24 bytes).
    Removing rt_mailbox.o(i.isr_mbx_receive), (76 bytes).
    Removing rt_mailbox.o(i.isr_mbx_send), (16 bytes).
    Removing rt_mailbox.o(i.os_mbx_check), (8 bytes).
    Removing rt_system.o(.emb_text), (0 bytes).
    Removing rt_system.o(i.os_psh_req), (52 bytes).
    Removing rt_list.o(i.os_get_same_rdy_prio), (36 bytes).
    Removing rt_list.o(i.os_psq_enq), (52 bytes).
    Removing rt_membox.o(i._calloc_box), (32 bytes).
    Removing rt_event.o(i.isr_evt_set), (40 bytes).
    Removing rt_event.o(i.os_evt_clr), (40 bytes).
    Removing rt_event.o(i.os_evt_get), (12 bytes).
    Removing rt_event.o(i.os_evt_set), (100 bytes).
    Removing rt_event.o(i.os_evt_wait), (88 bytes).
    Removing rt_semaphore.o(i.isr_sem_send), (18 bytes).
    Removing rt_semaphore.o(i.os_sem_init), (28 bytes).
    Removing rt_semaphore.o(i.os_sem_send), (58 bytes).
    Removing rt_semaphore.o(i.os_sem_wait), (96 bytes).
    Removing rt_timer.o(i.os_tmr_create), (92 bytes).
    Removing rt_timer.o(i.os_tmr_kill), (72 bytes).

30 unused section(s) (total 1172 bytes) removed from the image.

==============================================================================

Image Symbol Table

    Local Symbols

    Symbol Name                              Value     Ov Type        Size  Object(Section)

    Reset                                    0x00000000   Section      444  str91x.o(Reset)
    ../../microlib/division.c                0x00000000   Number         0  uidiv.o ABSOLUTE
    ../../microlib/init/entry.s              0x00000000   Number         0  entry8.o ABSOLUTE
    ../../microlib/init/entry.s              0x00000000   Number         0  entry7b.o ABSOLUTE
    ../../microlib/init/entry.s              0x00000000   Number         0  entry.o ABSOLUTE
    ../../microlib/init/entry.s              0x00000000   Number         0  entry5.o ABSOLUTE
    ../../microlib/init/entry.s              0x00000000   Number         0  entry2.o ABSOLUTE
    ../../microlib/init/entry.s              0x00000000   Number         0  entry7a.o ABSOLUTE
    ../../microlib/malloc/malloc.c           0x00000000   Number         0  mallocra.o ABSOLUTE
    ../../microlib/malloc/malloc.c           0x00000000   Number         0  malloca.o ABSOLUTE
    ../../microlib/malloc/malloc.c           0x00000000   Number         0  mallocr.o ABSOLUTE
    ../../microlib/malloc/malloc.c           0x00000000   Number         0  malloc.o ABSOLUTE
    ../../microlib/malloc/mvars.c            0x00000000   Number         0  mvars.o ABSOLUTE
    ../../microlib/string/memcpy.c           0x00000000   Number         0  memcpyb.o ABSOLUTE
    ../../microlib/string/memcpy.c           0x00000000   Number         0  memcpya.o ABSOLUTE
    Blinky.c                                 0x00000000   Number         0  blinky.o ABSOLUTE
    IRQ.c                                    0x00000000   Number         0  irq.o ABSOLUTE
    LCD.c                                    0x00000000   Number         0  lcd.o ABSOLUTE
    RTX_Config.c                             0x00000000   Number         0  rtx_config.o ABSOLUTE
    SRC\ARM\HAL_ARM.c                        0x00000000   Number         0  hal_arm.o ABSOLUTE
    SRC\ARM\SWI_Table.s                      0x00000000   Number         0  SWI_Table.o ABSOLUTE
    SRC\ARM\rt_Event.c                       0x00000000   Number         0  rt_event.o ABSOLUTE
    SRC\ARM\rt_List.c                        0x00000000   Number         0  rt_list.o ABSOLUTE
    SRC\ARM\rt_Mailbox.c                     0x00000000   Number         0  rt_mailbox.o ABSOLUTE
    SRC\ARM\rt_MemBox.c                      0x00000000   Number         0  rt_membox.o ABSOLUTE
    SRC\ARM\rt_Mutex.c                       0x00000000   Number         0  rt_mutex.o ABSOLUTE
    SRC\ARM\rt_Robin.c                       0x00000000   Number         0  rt_robin.o ABSOLUTE
    SRC\ARM\rt_Semaphore.c                   0x00000000   Number         0  rt_semaphore.o ABSOLUTE
    SRC\ARM\rt_System.c                      0x00000000   Number         0  rt_system.o ABSOLUTE
    SRC\ARM\rt_Task.c                        0x00000000   Number         0  rt_task.o ABSOLUTE
    SRC\ARM\rt_Time.c                        0x00000000   Number         0  rt_time.o ABSOLUTE
    SRC\ARM\rt_Timer.c                       0x00000000   Number         0  rt_timer.o ABSOLUTE
    SRC\\ARM\\HAL_ARM.c                      0x00000000   Number         0  hal_arm.o ABSOLUTE
    SRC\\ARM\\rt_System.c                    0x00000000   Number         0  rt_system.o ABSOLUTE
    STR91x.s                                 0x00000000   Number         0  str91x.o ABSOLUTE
    dc.s                                     0x00000000   Number         0  dc.o ABSOLUTE
    handlers.s                               0x00000000   Number         0  handlers.o ABSOLUTE
    init.s                                   0x00000000   Number         0  init.o ABSOLUTE
    UndefHandler                             0x00000040   ARM Code       4  str91x.o(Reset)
    PAbtHandler                              0x00000044   ARM Code       4  str91x.o(Reset)
    DAbtHandler                              0x00000048   ARM Code       4  str91x.o(Reset)
    IRQHandler                               0x0000004c   ARM Code       4  str91x.o(Reset)
    FIQHandler                               0x00000050   ARM Code       4  str91x.o(Reset)
    .ARM.Collect$$$$00000000                 0x000001bc   Section        0  entry.o(.ARM.Collect$$$$00000000)
    .ARM.Collect$$$$00000001                 0x000001bc   Section        4  entry2.o(.ARM.Collect$$$$00000001)
    .ARM.Collect$$$$00000004                 0x000001c0   Section        4  entry5.o(.ARM.Collect$$$$00000004)
    .ARM.Collect$$$$00000008                 0x000001c4   Section        0  entry7b.o(.ARM.Collect$$$$00000008)
    .ARM.Collect$$$$00000009                 0x000001c4   Section       12  entry8.o(.ARM.Collect$$$$00000009)
    .ARM.Collect$$$$00002712                 0x000001d0   Section        4  entry2.o(.ARM.Collect$$$$00002712)
    __lit__00000000                          0x000001d0   Data           4  entry2.o(.ARM.Collect$$$$00002712)
    .emb_text                                0x000001d4   Section      488  hal_arm.o(.emb_text)
    Switch_task                              0x00000338   ARM Code       0  hal_arm.o(.emb_text)
    .text                                    0x000003bc   Section        0  blinky.o(.text)
    .text                                    0x0000075c   Section        0  lcd.o(.text)
    lcd_write                                0x0000075d   Thumb Code    38  lcd.o(.text)
    lcd_wait_busy                            0x00000783   Thumb Code    44  lcd.o(.text)
    lcd_wr_cmd                               0x00000961   Thumb Code    22  lcd.o(.text)
    lcd_wr_data                              0x00000977   Thumb Code    22  lcd.o(.text)
    .text                                    0x000009b8   Section        0  irq.o(.text)
    .text                                    0x00000a10   Section        0  rtx_config.o(.text)
    .text                                    0x00000aac   Section        0  rtx_config.o(.text)
    os_def_interrupt                         0x00000aac   ARM Code      28  rtx_config.o(.text)
    .text                                    0x00000ac8   Section        0  uidiv.o(.text)
    .text                                    0x00000af4   Section       32  init.o(.text)
    SWI_TABLE                                0x00000b14   Section       36  SWI_Table.o(SWI_TABLE)
    i.__ARM_common_switch8                   0x00000b38   Section        0  blinky.o(i.__ARM_common_switch8)
    i.__SWI_0                                0x00000b50   Section        0  hal_arm.o(i.__SWI_0)
    i.__SWI_1                                0x00000b80   Section        0  rt_membox.o(i.__SWI_1)
    i.__SWI_2                                0x00000b8e   Section        0  rt_membox.o(i.__SWI_2)
    i.__SWI_3                                0x00000ba6   Section        0  hal_arm.o(i.__SWI_3)
    i.__SWI_4                                0x00000bae   Section        0  hal_arm.o(i.__SWI_4)
    i.__SWI_6                                0x00000bb6   Section        0  hal_arm.o(i.__SWI_6)
    i.__SWI_7                                0x00000bb8   Section        0  hal_arm.o(i.__SWI_7)
    i.__scatterload_copy                     0x00000bbc   Section       28  handlers.o(i.__scatterload_copy)
    i.__scatterload_null                     0x00000bd8   Section        4  handlers.o(i.__scatterload_null)
    i.__scatterload_zeroinit                 0x00000bdc   Section       24  handlers.o(i.__scatterload_zeroinit)
    i._init_box                              0x00000bf4   Section        0  rt_membox.o(i._init_box)
    i.free                                   0x00000c40   Section        0  malloc.o(i.free)
    i.malloc                                 0x00000c94   Section        0  malloc.o(i.malloc)
    i.os_block                               0x00000d00   Section        0  rt_task.o(i.os_block)
    i.os_chk_robin                           0x00000d48   Section        0  rt_robin.o(i.os_chk_robin)
    i.os_dec_dly                             0x00000d8c   Section        0  rt_list.o(i.os_dec_dly)
    i.os_dispatch                            0x00000e08   Section        0  rt_task.o(i.os_dispatch)
    i.os_evt_psh                             0x00000e4c   Section        0  rt_event.o(i.os_evt_psh)
    i.os_get_first                           0x00000e9c   Section        0  rt_list.o(i.os_get_first)
    i.os_init_context                        0x00000ec8   Section        0  rt_task.o(i.os_init_context)
    os_init_context                          0x00000ec9   Thumb Code    66  rt_task.o(i.os_init_context)
    i.os_init_robin                          0x00000f10   Section        0  rt_robin.o(i.os_init_robin)
    i.os_init_stack                          0x00000f28   Section        0  hal_arm.o(i.os_init_stack)
    i.os_itv_set                             0x00000f8c   Section        0  rt_time.o(i.os_itv_set)
    i.os_itv_wait                            0x00000fa4   Section        0  rt_time.o(i.os_itv_wait)
    i.os_mbx_init                            0x00000fdc   Section        0  rt_mailbox.o(i.os_mbx_init)
    i.os_mbx_psh                             0x0000100c   Section        0  rt_mailbox.o(i.os_mbx_psh)
    i.os_mbx_send                            0x00001094   Section        0  rt_mailbox.o(i.os_mbx_send)
    i.os_mbx_wait                            0x00001138   Section        0  rt_mailbox.o(i.os_mbx_wait)
    i.os_mut_init                            0x000011d8   Section        0  rt_mutex.o(i.os_mut_init)
    i.os_mut_release                         0x00001208   Section        0  rt_mutex.o(i.os_mut_release)
    i.os_mut_wait                            0x000012b0   Section        0  rt_mutex.o(i.os_mut_wait)
    i.os_put_dly                             0x00001334   Section        0  rt_list.o(i.os_put_dly)
    i.os_put_prio                            0x00001384   Section        0  rt_list.o(i.os_put_prio)
    i.os_put_rdy_first                       0x000013c4   Section        0  rt_list.o(i.os_put_rdy_first)
    i.os_resort_prio                         0x000013d8   Section        0  rt_list.o(i.os_resort_prio)
    i.os_rmv_dly                             0x0000140c   Section        0  rt_list.o(i.os_rmv_dly)
    i.os_rmv_list                            0x00001438   Section        0  rt_list.o(i.os_rmv_list)
    i.os_sem_psh                             0x0000146c   Section        0  rt_semaphore.o(i.os_sem_psh)
    i.os_stk_check                           0x000014a4   Section        0  hal_arm.o(i.os_stk_check)
    i.os_sys_init1                           0x000014d0   Section        0  rt_task.o(i.os_sys_init1)
    i.os_sys_manager                         0x000015b8   Section        0  rt_system.o(i.os_sys_manager)
    i.os_tmr_tick                            0x00001684   Section        0  rt_timer.o(i.os_tmr_tick)
    i.os_tsk_create0                         0x000016c8   Section        0  rt_task.o(i.os_tsk_create0)
    i.os_tsk_delete                          0x00001758   Section        0  rt_task.o(i.os_tsk_delete)
    .constdata                               0x00001800   Section       64  lcd.o(.constdata)
    UserFont                                 0x00001800   Data          64  lcd.o(.constdata)
    .constdata                               0x00001840   Section        2  rtx_config.o(.constdata)
    .constdata                               0x00001844   Section        4  rtx_config.o(.constdata)
    .constdata                               0x00001848   Section        4  rtx_config.o(.constdata)
    .constdata                               0x0000184c   Section        8  rtx_config.o(.constdata)
    __tagsym$$used                           0x0000184c   Number         0  rtx_config.o(.constdata)
    __tagsym$$used                           0x00001850   Number         0  rtx_config.o(.constdata)
    .constdata                               0x00001854   Section        2  rtx_config.o(.constdata)
    .constdata                               0x00001858   Section        4  rtx_config.o(.constdata)
    .constdata                               0x0000185c   Section        1  rtx_config.o(.constdata)
    .constdata                               0x0000185e   Section        2  rtx_config.o(.constdata)
    .data                                    0x04000000   Section       40  blinky.o(.data)
    Counter                                  0x04000010   Data           4  blinky.o(.data)
    .data                                    0x04000028   Section        4  lcd.o(.data)
    lcd_ptr                                  0x04000028   Data           4  lcd.o(.data)
    .data                                    0x0400002c   Section        4  irq.o(.data)
    .data                                    0x04000030   Section        4  rtx_config.o(.data)
    .data                                    0x04000034   Section        4  rt_task.o(.data)
    .data                                    0x04000038   Section        2  rt_time.o(.data)
    .data                                    0x0400003c   Section        4  hal_arm.o(.data)
    .data                                    0x04000040   Section        8  rt_system.o(.data)
    .data                                    0x04000048   Section        8  rt_robin.o(.data)
    .data                                    0x04000050   Section        8  rt_timer.o(.data)
    .data                                    0x04000058   Section        4  mvars.o(.data)
    .data                                    0x0400005c   Section        4  mvars.o(.data)
    .bss                                     0x04000060   Section      108  blinky.o(.bss)
    .bss                                     0x040000cc   Section      972  rtx_config.o(.bss)
    .bss                                     0x04000498   Section    10600  rtx_config.o(.bss)
    .bss                                     0x04002e00   Section      132  rtx_config.o(.bss)
    .bss                                     0x04002e84   Section       80  rtx_config.o(.bss)
    .bss                                     0x04002ed4   Section       48  rt_task.o(.bss)
    .bss                                     0x04002f04   Section       48  rt_list.o(.bss)
    HEAP                                     0x04002f38   Section        0  str91x.o(HEAP)
    STACK                                    0x04002f38   Section      384  str91x.o(STACK)
    Stack_Top                                0x040030b8   Data           0  str91x.o(STACK)

    Global Symbols

    Symbol Name                              Value     Ov Type        Size  Object(Section)

    BuildAttributes$$THM_ISAv2$ARM_ISAv5$E$P$S$PE$A:L22$X:L11$S22$IEEE1$IW$USESV6$~STKCKD$USESV7$~SHL$OSPACE$EBA8$MICROLIB$REQ8$PRES8$EABIv2 0x00000000   Number         0  anon$$obj.o ABSOLUTE
    __ARM_use_no_argv                        0x00000000   Number         0  blinky.o ABSOLUTE
    __decompress                              - Undefined Weak Reference
    _clock_init                               - Undefined Weak Reference
    os_tmr_reload                             - Undefined Weak Reference
    rt_init                                   - Undefined Weak Reference
    rt_notify                                 - Undefined Weak Reference
    rt_post_taskswitch                        - Undefined Weak Reference
    Reset_Handler                            0x00000054   ARM Code       0  str91x.o(Reset)
    __main                                   0x000001bc   ARM Code       0  entry.o(.ARM.Collect$$$$00000000)
    _main_stk                                0x000001bc   ARM Code       0  entry2.o(.ARM.Collect$$$$00000001)
    _main_scatterload                        0x000001c0   ARM Code       0  entry5.o(.ARM.Collect$$$$00000004)
    __main_after_scatterload                 0x000001c4   ARM Code       0  entry5.o(.ARM.Collect$$$$00000004)
    _main_clock                              0x000001c4   ARM Code       0  entry7b.o(.ARM.Collect$$$$00000008)
    _main_init                               0x000001c4   ARM Code       0  entry8.o(.ARM.Collect$$$$00000009)
    _inc_qi                                  0x000001d5   Thumb Code    60  hal_arm.o(.emb_text)
    _dec_qc                                  0x00000211   Thumb Code    32  hal_arm.o(.emb_text)
    os_set_env                               0x00000231   Thumb Code     8  hal_arm.o(.emb_text)
    os_sys_init0                             0x00000239   Thumb Code    12  hal_arm.o(.emb_text)
    os_sys_run                               0x0000024d   Thumb Code    16  hal_arm.o(.emb_text)
    os_clock_interrupt                       0x00000260   ARM Code     128  hal_arm.o(.emb_text)
    os_sys_manager_ret                       0x000002cd   Thumb Code     0  hal_arm.o(.emb_text)
    SWI_Handler                              0x000002f4   ARM Code     192  hal_arm.o(.emb_text)
    os_switch_tasks_ret                      0x00000331   Thumb Code     0  hal_arm.o(.emb_text)
    read_buttons                             0x000003bd   Thumb Code    38  blinky.o(.text)
    start_ADC                                0x000003e3   Thumb Code    24  blinky.o(.text)
    write_led                                0x000003fb   Thumb Code    52  blinky.o(.text)
    __RL_RTX_VER                             0x00000420   Number         0  rt_system.o ABSOLUTE
    PutInMailBox                             0x0000042f   Thumb Code    32  blinky.o(.text)
    GetFromMailBox                           0x0000044f   Thumb Code    40  blinky.o(.text)
    UpdateLightLevel                         0x00000477   Thumb Code    62  blinky.o(.text)
    PWM                                      0x000004b5   Thumb Code    28  blinky.o(.text)
    UpdateLight                              0x000004d1   Thumb Code    74  blinky.o(.text)
    Task_A                                   0x0000051b   Thumb Code    24  blinky.o(.text)
    Task_B                                   0x00000533   Thumb Code    20  blinky.o(.text)
    Task_C                                   0x00000547   Thumb Code    34  blinky.o(.text)
    Task_D                                   0x00000569   Thumb Code    42  blinky.o(.text)
    Task_E                                   0x00000593   Thumb Code    40  blinky.o(.text)
    init                                     0x000005bb   Thumb Code   288  blinky.o(.text)
    main                                     0x000006db   Thumb Code    16  blinky.o(.text)
    LCD_putc                                 0x000007af   Thumb Code    32  lcd.o(.text)
    LCD_puts                                 0x000007cf   Thumb Code    20  lcd.o(.text)
    LCD_gotoxy                               0x000007e3   Thumb Code    32  lcd.o(.text)
    LCD_cls                                  0x00000803   Thumb Code    18  lcd.o(.text)
    LCD_load                                 0x00000815   Thumb Code    32  lcd.o(.text)
    LCD_init                                 0x00000835   Thumb Code    92  lcd.o(.text)
    LCD_cur_off                              0x00000891   Thumb Code    10  lcd.o(.text)
    LCD_on                                   0x0000089b   Thumb Code    10  lcd.o(.text)
    getHexC                                  0x000008a5   Thumb Code    16  lcd.o(.text)
    LCD_put_brightness                       0x000008b5   Thumb Code   100  lcd.o(.text)
    LCD_put_level                            0x00000919   Thumb Code    24  lcd.o(.text)
    LCD_bargraph                             0x00000931   Thumb Code    48  lcd.o(.text)
    ADC_IRQ_Handler                          0x000009b8   ARM Code      80  irq.o(.text)
    os_idle_demon                            0x00000a11   Thumb Code     2  rtx_config.o(.text)
    os_tmr_call                              0x00000a13   Thumb Code     2  rtx_config.o(.text)
    os_error                                 0x00000a15   Thumb Code     2  rtx_config.o(.text)
    os_tmr_init                              0x00000a17   Thumb Code    44  rtx_config.o(.text)
    os_tmr_force_irq                         0x00000a43   Thumb Code     8  rtx_config.o(.text)
    os_tmr_inspect_cnt                       0x00000a4b   Thumb Code    12  rtx_config.o(.text)
    os_tmr_inspect_ovf                       0x00000a57   Thumb Code    12  rtx_config.o(.text)
    os_irq_ack_lock                          0x00000a63   Thumb Code    20  rtx_config.o(.text)
    __SWI_5                                  0x00000a77   Thumb Code     8  rtx_config.o(.text)
    tsk_unlock                               0x00000a7f   Thumb Code     8  rtx_config.o(.text)
    __aeabi_uidiv                            0x00000ac9   Thumb Code     0  uidiv.o(.text)
    __aeabi_uidivmod                         0x00000ac9   Thumb Code    44  uidiv.o(.text)
    __scatterload                            0x00000af5   Thumb Code    22  init.o(.text)
    __scatterload_rt2                        0x00000af5   Thumb Code     0  init.o(.text)
    SWI_Count                                0x00000b14   Data           4  SWI_Table.o(SWI_TABLE)
    SWI_Table                                0x00000b18   Data           0  SWI_Table.o(SWI_TABLE)
    __ARM_common_switch8                     0x00000b38   ARM Code      24  blinky.o(i.__ARM_common_switch8)
    __SWI_0                                  0x00000b51   Thumb Code    44  hal_arm.o(i.__SWI_0)
    __SWI_1                                  0x00000b81   Thumb Code    14  rt_membox.o(i.__SWI_1)
    __SWI_2                                  0x00000b8f   Thumb Code    24  rt_membox.o(i.__SWI_2)
    __SWI_3                                  0x00000ba7   Thumb Code     8  hal_arm.o(i.__SWI_3)
    __SWI_4                                  0x00000baf   Thumb Code     8  hal_arm.o(i.__SWI_4)
    __SWI_6                                  0x00000bb7   Thumb Code     2  hal_arm.o(i.__SWI_6)
    __SWI_7                                  0x00000bb9   Thumb Code     2  hal_arm.o(i.__SWI_7)
    __scatterload_copy                       0x00000bbc   ARM Code      28  handlers.o(i.__scatterload_copy)
    __scatterload_null                       0x00000bd8   ARM Code       4  handlers.o(i.__scatterload_null)
    __scatterload_zeroinit                   0x00000bdc   ARM Code      24  handlers.o(i.__scatterload_zeroinit)
    _init_box                                0x00000bf5   Thumb Code    74  rt_membox.o(i._init_box)
    free                                     0x00000c41   Thumb Code    80  malloc.o(i.free)
    malloc                                   0x00000c95   Thumb Code    92  malloc.o(i.malloc)
    os_block                                 0x00000d01   Thumb Code    58  rt_task.o(i.os_block)
    os_chk_robin                             0x00000d49   Thumb Code    56  rt_robin.o(i.os_chk_robin)
    os_dec_dly                               0x00000d8d   Thumb Code   116  rt_list.o(i.os_dec_dly)
    os_dispatch                              0x00000e09   Thumb Code    60  rt_task.o(i.os_dispatch)
    os_evt_psh                               0x00000e4d   Thumb Code    74  rt_event.o(i.os_evt_psh)
    os_get_first                             0x00000e9d   Thumb Code    42  rt_list.o(i.os_get_first)
    os_init_robin                            0x00000f11   Thumb Code    16  rt_robin.o(i.os_init_robin)
    os_init_stack                            0x00000f29   Thumb Code    86  hal_arm.o(i.os_init_stack)
    os_itv_set                               0x00000f8d   Thumb Code    16  rt_time.o(i.os_itv_set)
    os_itv_wait                              0x00000fa5   Thumb Code    46  rt_time.o(i.os_itv_wait)
    os_mbx_init                              0x00000fdd   Thumb Code    44  rt_mailbox.o(i.os_mbx_init)
    os_mbx_psh                               0x0000100d   Thumb Code   132  rt_mailbox.o(i.os_mbx_psh)
    os_mbx_send                              0x00001095   Thumb Code   158  rt_mailbox.o(i.os_mbx_send)
    os_mbx_wait                              0x00001139   Thumb Code   154  rt_mailbox.o(i.os_mbx_wait)
    os_mut_init                              0x000011d9   Thumb Code    44  rt_mutex.o(i.os_mut_init)
    os_mut_release                           0x00001209   Thumb Code   160  rt_mutex.o(i.os_mut_release)
    os_mut_wait                              0x000012b1   Thumb Code   126  rt_mutex.o(i.os_mut_wait)
    os_put_dly                               0x00001335   Thumb Code    76  rt_list.o(i.os_put_dly)
    os_put_prio                              0x00001385   Thumb Code    62  rt_list.o(i.os_put_prio)
    os_put_rdy_first                         0x000013c5   Thumb Code    14  rt_list.o(i.os_put_rdy_first)
    os_resort_prio                           0x000013d9   Thumb Code    48  rt_list.o(i.os_resort_prio)
    os_rmv_dly                               0x0000140d   Thumb Code    44  rt_list.o(i.os_rmv_dly)
    os_rmv_list                              0x00001439   Thumb Code    46  rt_list.o(i.os_rmv_list)
    os_sem_psh                               0x0000146d   Thumb Code    50  rt_semaphore.o(i.os_sem_psh)
    os_stk_check                             0x000014a5   Thumb Code    34  hal_arm.o(i.os_stk_check)
    os_sys_init1                             0x000014d1   Thumb Code   162  rt_task.o(i.os_sys_init1)
    os_sys_manager                           0x000015b9   Thumb Code   182  rt_system.o(i.os_sys_manager)
    os_tmr_tick                              0x00001685   Thumb Code    58  rt_timer.o(i.os_tmr_tick)
    os_tsk_create0                           0x000016c9   Thumb Code   130  rt_task.o(i.os_tsk_create0)
    os_tsk_delete                            0x00001759   Thumb Code   148  rt_task.o(i.os_tsk_delete)
    os_maxtaskrun                            0x00001840   Data           2  rtx_config.o(.constdata)
    os_stackinfo                             0x00001844   Data           4  rtx_config.o(.constdata)
    os_rrobin                                0x00001848   Data           4  rtx_config.o(.constdata)
    os_clockrate                             0x0000184c   Data           4  rtx_config.o(.constdata)
    os_timernum                              0x00001850   Data           4  rtx_config.o(.constdata)
    mp_tcb_size                              0x00001854   Data           2  rtx_config.o(.constdata)
    mp_stk_size                              0x00001858   Data           4  rtx_config.o(.constdata)
    os_fifo_size                             0x0000185c   Data           1  rtx_config.o(.constdata)
    mp_tmr_size                              0x0000185e   Data           2  rtx_config.o(.constdata)
    Region$$Table$$Base                      0x00001860   Number         0  anon$$obj.o(Region$$Table)
    Region$$Table$$Limit                     0x00001880   Number         0  anon$$obj.o(Region$$Table)
    B0                                       0x04000000   Data           1  blinky.o(.data)
    B1                                       0x04000001   Data           1  blinky.o(.data)
    B2                                       0x04000002   Data           1  blinky.o(.data)
    B3                                       0x04000003   Data           1  blinky.o(.data)
    B4                                       0x04000004   Data           1  blinky.o(.data)
    B5                                       0x04000005   Data           1  blinky.o(.data)
    B6                                       0x04000006   Data           1  blinky.o(.data)
    B7                                       0x04000007   Data           1  blinky.o(.data)
    A0                                       0x04000008   Data           1  blinky.o(.data)
    A1                                       0x04000009   Data           1  blinky.o(.data)
    Mailbox_Value                            0x0400000a   Data           2  blinky.o(.data)
    LightLevel                               0x0400000c   Data           4  blinky.o(.data)
    tskA                                     0x04000014   Data           4  blinky.o(.data)
    tskB                                     0x04000018   Data           4  blinky.o(.data)
    tskC                                     0x0400001c   Data           4  blinky.o(.data)
    tskD                                     0x04000020   Data           4  blinky.o(.data)
    tskE                                     0x04000024   Data           4  blinky.o(.data)
    AD_in_progress                           0x0400002c   Data           1  irq.o(.data)
    Potentiometer                            0x0400002e   Data           2  irq.o(.data)
    m_tmr                                    0x04000030   Data           4  rtx_config.o(.data)
    os_runtask                               0x04000034   Data           4  rt_task.o(.data)
    os_time                                  0x04000038   Data           2  rt_time.o(.data)
    sys_stktop                               0x0400003c   Data           4  hal_arm.o(.data)
    os_psh                                   0x04000040   Data           8  rt_system.o(.data)
    os_robin                                 0x04000048   Data           8  rt_robin.o(.data)
    os_tmr                                   0x04000050   Data           8  rt_timer.o(.data)
    __microlib_freelist                      0x04000058   Data           4  mvars.o(.data)
    __microlib_freelist_initialised          0x0400005c   Data           4  mvars.o(.data)
    mutex_LCD                                0x04000060   Data          12  blinky.o(.bss)
    mailbox1                                 0x0400006c   Data          96  blinky.o(.bss)
    mp_tcb                                   0x040000cc   Data         972  rtx_config.o(.bss)
    mp_stk                                   0x04000498   Data       10600  rtx_config.o(.bss)
    os_fifo                                  0x04002e00   Data         132  rtx_config.o(.bss)
    os_active_TCB                            0x04002e84   Data          80  rtx_config.o(.bss)
    os_idle_TCB                              0x04002ed4   Data          48  rt_task.o(.bss)
    os_rdy                                   0x04002f04   Data          24  rt_list.o(.bss)
    os_dly                                   0x04002f1c   Data          24  rt_list.o(.bss)
    __heap_base                              0x04002f38   Data           0  str91x.o(HEAP)
    __heap_limit                             0x04002f38   Data           0  str91x.o(HEAP)
    __initial_sp                             0x04002fb8   Data         256  str91x.o(STACK)



==============================================================================

Memory Map of the image

  Image Entry point : 0x000001bc

  Load Region LR_IROM1 (Base: 0x00000000, Size: 0x000018e0, Max: 0x00080000, ABSOLUTE)

    Execution Region ER_IROM1 (Base: 0x00000000, Size: 0x00001880, Max: 0x00080000, ABSOLUTE)

    Base Addr    Size         Type   Attr      Idx    E Section Name        Object

    0x00000000   0x000001bc   Code   RO          168    Reset               str91x.o
    0x000001bc   0x00000000   Code   RO          693  * .ARM.Collect$$$$00000000  mc_5.l(entry.o)
    0x000001bc   0x00000004   Code   RO          726    .ARM.Collect$$$$00000001  mc_5.l(entry2.o)
    0x000001c0   0x00000004   Code   RO          728    .ARM.Collect$$$$00000004  mc_5.l(entry5.o)
    0x000001c4   0x00000000   Code   RO          730    .ARM.Collect$$$$00000008  mc_5.l(entry7b.o)
    0x000001c4   0x0000000c   Code   RO          731    .ARM.Collect$$$$00000009  mc_5.l(entry8.o)
    0x000001d0   0x00000004   Code   RO          727    .ARM.Collect$$$$00002712  mc_5.l(entry2.o)
    0x000001d4   0x000001e8   Code   RO          368    .emb_text           RTX_ARM_L.LIB(hal_arm.o)
    0x000003bc   0x000003a0   Code   RO            1    .text               blinky.o
    0x0000075c   0x0000025c   Code   RO           97    .text               lcd.o
    0x000009b8   0x00000058   Code   RO          113    .text               irq.o
    0x00000a10   0x0000009c   Code   RO          131    .text               rtx_config.o
    0x00000aac   0x0000001c   Code   RO          132    .text               rtx_config.o
    0x00000ac8   0x0000002c   Code   RO          696    .text               mc_5.l(uidiv.o)
    0x00000af4   0x00000020   Code   RO          738    .text               mc_5.l(init.o)
    0x00000b14   0x00000024   Code   RO          585    SWI_TABLE           RTX_ARM_L.LIB(SWI_Table.o)
    0x00000b38   0x00000018   Code   RO           21    i.__ARM_common_switch8  blinky.o
    0x00000b50   0x00000030   Code   RO          369    i.__SWI_0           RTX_ARM_L.LIB(hal_arm.o)
    0x00000b80   0x0000000e   Code   RO          555    i.__SWI_1           RTX_ARM_L.LIB(rt_membox.o)
    0x00000b8e   0x00000018   Code   RO          556    i.__SWI_2           RTX_ARM_L.LIB(rt_membox.o)
    0x00000ba6   0x00000008   Code   RO          370    i.__SWI_3           RTX_ARM_L.LIB(hal_arm.o)
    0x00000bae   0x00000008   Code   RO          371    i.__SWI_4           RTX_ARM_L.LIB(hal_arm.o)
    0x00000bb6   0x00000002   Code   RO          372    i.__SWI_6           RTX_ARM_L.LIB(hal_arm.o)
    0x00000bb8   0x00000002   Code   RO          373    i.__SWI_7           RTX_ARM_L.LIB(hal_arm.o)
    0x00000bba   0x00000002   PAD
    0x00000bbc   0x0000001c   Code   RO          742    i.__scatterload_copy  mc_5.l(handlers.o)
    0x00000bd8   0x00000004   Code   RO          743    i.__scatterload_null  mc_5.l(handlers.o)
    0x00000bdc   0x00000018   Code   RO          744    i.__scatterload_zeroinit  mc_5.l(handlers.o)
    0x00000bf4   0x0000004a   Code   RO          558    i._init_box         RTX_ARM_L.LIB(rt_membox.o)
    0x00000c3e   0x00000002   PAD
    0x00000c40   0x00000054   Code   RO          698    i.free              mc_5.l(malloc.o)
    0x00000c94   0x0000006c   Code   RO          699    i.malloc            mc_5.l(malloc.o)
    0x00000d00   0x00000048   Code   RO          172    i.os_block          RTX_ARM_L.LIB(rt_task.o)
    0x00000d48   0x00000044   Code   RO          534    i.os_chk_robin      RTX_ARM_L.LIB(rt_robin.o)
    0x00000d8c   0x0000007c   Code   RO          462    i.os_dec_dly        RTX_ARM_L.LIB(rt_list.o)
    0x00000e08   0x00000044   Code   RO          173    i.os_dispatch       RTX_ARM_L.LIB(rt_task.o)
    0x00000e4c   0x00000050   Code   RO          591    i.os_evt_psh        RTX_ARM_L.LIB(rt_event.o)
    0x00000e9c   0x0000002a   Code   RO          463    i.os_get_first      RTX_ARM_L.LIB(rt_list.o)
    0x00000ec6   0x00000002   PAD
    0x00000ec8   0x00000048   Code   RO          174    i.os_init_context   RTX_ARM_L.LIB(rt_task.o)
    0x00000f10   0x00000018   Code   RO          535    i.os_init_robin     RTX_ARM_L.LIB(rt_robin.o)
    0x00000f28   0x00000064   Code   RO          374    i.os_init_stack     RTX_ARM_L.LIB(hal_arm.o)
    0x00000f8c   0x00000018   Code   RO          266    i.os_itv_set        RTX_ARM_L.LIB(rt_time.o)
    0x00000fa4   0x00000038   Code   RO          267    i.os_itv_wait       RTX_ARM_L.LIB(rt_time.o)
    0x00000fdc   0x00000030   Code   RO          299    i.os_mbx_init       RTX_ARM_L.LIB(rt_mailbox.o)
    0x0000100c   0x00000088   Code   RO          300    i.os_mbx_psh        RTX_ARM_L.LIB(rt_mailbox.o)
    0x00001094   0x000000a4   Code   RO          301    i.os_mbx_send       RTX_ARM_L.LIB(rt_mailbox.o)
    0x00001138   0x000000a0   Code   RO          302    i.os_mbx_wait       RTX_ARM_L.LIB(rt_mailbox.o)
    0x000011d8   0x00000030   Code   RO          344    i.os_mut_init       RTX_ARM_L.LIB(rt_mutex.o)
    0x00001208   0x000000a8   Code   RO          345    i.os_mut_release    RTX_ARM_L.LIB(rt_mutex.o)
    0x000012b0   0x00000084   Code   RO          346    i.os_mut_wait       RTX_ARM_L.LIB(rt_mutex.o)
    0x00001334   0x00000050   Code   RO          466    i.os_put_dly        RTX_ARM_L.LIB(rt_list.o)
    0x00001384   0x0000003e   Code   RO          467    i.os_put_prio       RTX_ARM_L.LIB(rt_list.o)
    0x000013c2   0x00000002   PAD
    0x000013c4   0x00000014   Code   RO          468    i.os_put_rdy_first  RTX_ARM_L.LIB(rt_list.o)
    0x000013d8   0x00000034   Code   RO          469    i.os_resort_prio    RTX_ARM_L.LIB(rt_list.o)
    0x0000140c   0x0000002c   Code   RO          470    i.os_rmv_dly        RTX_ARM_L.LIB(rt_list.o)
    0x00001438   0x00000034   Code   RO          471    i.os_rmv_list       RTX_ARM_L.LIB(rt_list.o)
    0x0000146c   0x00000038   Code   RO          632    i.os_sem_psh        RTX_ARM_L.LIB(rt_semaphore.o)
    0x000014a4   0x0000002c   Code   RO          375    i.os_stk_check      RTX_ARM_L.LIB(hal_arm.o)
    0x000014d0   0x000000e8   Code   RO          175    i.os_sys_init1      RTX_ARM_L.LIB(rt_task.o)
    0x000015b8   0x000000cc   Code   RO          428    i.os_sys_manager    RTX_ARM_L.LIB(rt_system.o)
    0x00001684   0x00000044   Code   RO          668    i.os_tmr_tick       RTX_ARM_L.LIB(rt_timer.o)
    0x000016c8   0x00000090   Code   RO          176    i.os_tsk_create0    RTX_ARM_L.LIB(rt_task.o)
    0x00001758   0x000000a8   Code   RO          178    i.os_tsk_delete     RTX_ARM_L.LIB(rt_task.o)
    0x00001800   0x00000040   Data   RO           98    .constdata          lcd.o
    0x00001840   0x00000002   Data   RO          137    .constdata          rtx_config.o
    0x00001842   0x00000002   PAD
    0x00001844   0x00000004   Data   RO          138    .constdata          rtx_config.o
    0x00001848   0x00000004   Data   RO          139    .constdata          rtx_config.o
    0x0000184c   0x00000008   Data   RO          140    .constdata          rtx_config.o
    0x00001854   0x00000002   Data   RO          141    .constdata          rtx_config.o
    0x00001856   0x00000002   PAD
    0x00001858   0x00000004   Data   RO          142    .constdata          rtx_config.o
    0x0000185c   0x00000001   Data   RO          143    .constdata          rtx_config.o
    0x0000185d   0x00000001   PAD
    0x0000185e   0x00000002   Data   RO          144    .constdata          rtx_config.o
    0x00001860   0x00000020   Data   RO          740    Region$$Table       anon$$obj.o


    Execution Region RW_IRAM1 (Base: 0x04000000, Size: 0x000030b8, Max: 0x00018000, ABSOLUTE)

    Base Addr    Size         Type   Attr      Idx    E Section Name        Object

    0x04000000   0x00000028   Data   RW            9    .data               blinky.o
    0x04000028   0x00000004   Data   RW           99    .data               lcd.o
    0x0400002c   0x00000004   Data   RW          114    .data               irq.o
    0x04000030   0x00000004   Data   RW          145    .data               rtx_config.o
    0x04000034   0x00000004   Data   RW          183    .data               RTX_ARM_L.LIB(rt_task.o)
    0x04000038   0x00000002   Data   RW          268    .data               RTX_ARM_L.LIB(rt_time.o)
    0x0400003a   0x00000002   PAD
    0x0400003c   0x00000004   Data   RW          376    .data               RTX_ARM_L.LIB(hal_arm.o)
    0x04000040   0x00000008   Data   RW          429    .data               RTX_ARM_L.LIB(rt_system.o)
    0x04000048   0x00000008   Data   RW          536    .data               RTX_ARM_L.LIB(rt_robin.o)
    0x04000050   0x00000008   Data   RW          669    .data               RTX_ARM_L.LIB(rt_timer.o)
    0x04000058   0x00000004   Data   RW          736    .data               mc_5.l(mvars.o)
    0x0400005c   0x00000004   Data   RW          737    .data               mc_5.l(mvars.o)
    0x04000060   0x0000006c   Zero   RW            2    .bss                blinky.o
    0x040000cc   0x000003cc   Zero   RW          133    .bss                rtx_config.o
    0x04000498   0x00002968   Zero   RW          134    .bss                rtx_config.o
    0x04002e00   0x00000084   Zero   RW          135    .bss                rtx_config.o
    0x04002e84   0x00000050   Zero   RW          136    .bss                rtx_config.o
    0x04002ed4   0x00000030   Zero   RW          182    .bss                RTX_ARM_L.LIB(rt_task.o)
    0x04002f04   0x00000030   Zero   RW          472    .bss                RTX_ARM_L.LIB(rt_list.o)
    0x04002f34   0x00000004   PAD
    0x04002f38   0x00000000   Zero   RW          167    HEAP                str91x.o
    0x04002f38   0x00000180   Zero   RW          166    STACK               str91x.o


==============================================================================

Image component sizes


      Code (inc. data)   RO Data    RW Data    ZI Data      Debug   Object Name

       952        122          0         40        108      10086   blinky.o
        88          8          0          4          0        633   irq.o
       604         44         64          4          0       4200   lcd.o
       184         38         27          4      11784       2938   rtx_config.o
       444         72          0          0        384        312   str91x.o

    ----------------------------------------------------------------------
      2272        284        128         52      12276      18169   Object Totals
         0          0         32          0          0          0   (incl. Generated)
         0          0          5          0          0          0   (incl. Padding)

    ----------------------------------------------------------------------

      Code (inc. data)   RO Data    RW Data    ZI Data      Debug   Library Member Name

        36         36          0          0          0        136   SWI_Table.o
       700         72          0          4          0       3974   hal_arm.o
        80          6          0          0          0        609   rt_event.o
       476         28          0          0         48       4426   rt_list.o
       508         20          0          0          0       2971   rt_mailbox.o
       112          0          0          0          0       1648   rt_membox.o
       348         18          0          0          0       1961   rt_mutex.o
        92         20          0          8          0        978   rt_robin.o
        56          6          0          0          0        533   rt_semaphore.o
       204         22          0          8          0        830   rt_system.o
       756        132          0          4         48       6262   rt_task.o
        80         18          0          2          0        985   rt_time.o
        68         10          0          8          0        631   rt_timer.o
         0          0          0          0          0          0   entry.o
         8          4          0          0          0          0   entry2.o
         4          0          0          0          0          0   entry5.o
         0          0          0          0          0          0   entry7b.o
        12          4          0          0          0          0   entry8.o
        56          0          0          0          0          0   handlers.o
        32         10          0          0          0         68   init.o
       192         20          0          0          0        144   malloc.o
         0          0          0          8          0          0   mvars.o
        44          0          0          0          0         72   uidiv.o

    ----------------------------------------------------------------------
      3872        426          0         44        100      26228   Library Totals
         8          0          0          2          4          0   (incl. Padding)

    ----------------------------------------------------------------------

      Code (inc. data)   RO Data    RW Data    ZI Data      Debug   Library Name

      3516        388          0         34         96      25944   RTX_ARM_L.LIB
       348         38          0          8          0        284   mc_5.l

    ----------------------------------------------------------------------
      3872        426          0         44        100      26228   Library Totals

    ----------------------------------------------------------------------

==============================================================================


      Code (inc. data)   RO Data    RW Data    ZI Data      Debug   

      6144        710        128         96      12376      42269   Grand Totals
      6144        710        128         96      12376      42269   ELF Image Totals
      6144        710        128         96          0          0   ROM Totals

==============================================================================

    Total RO  Size (Code + RO Data)                 6272 (   6.13kB)
    Total RW  Size (RW Data + ZI Data)             12472 (  12.18kB)
    Total ROM Size (Code + RO Data + RW Data)       6368 (   6.22kB)

==============================================================================

